// Jest Snapshot v1, https://goo.gl/fbAQLP

exports[`Details container renders "Details" deep correctly 1`] = `
<div>
  <div
    className="container"
  >
    <div>
      <h1
        className="title"
      >
        <span
          className="float-right"
        >
          <small>
            <Link
              to="/pokemons"
            >
              &lt; pokemons
            </Link>
          </small>
        </span>
         
         
        <small
          className="text-muted"
        >
          details
        </small>
      </h1>
      <div
        className="list-group pokemon"
      >
        <p>
          No details found.
        </p>
      </div>
    </div>
    <div
      className="alert alert-info"
      role="alert"
    >
      <span
        className="octicon octicon-info"
      />
       Tip: Download the 
      <strong>
        <a
          href="https://github.com/zalmoxisus/redux-devtools-extension"
          target="_blnk"
        >
          Redux DevTools
        </a>
      </strong>
       to inspect the Redux store state.
    </div>
  </div>
</div>
`;
